check for stable PVC names:
  1: |
    pgdata
check for stable entity names (services, statefulsets, serviceaccounts):
  1: |
    mynetwork-daml-rpc
  2: |
    mynetwork-daml-rpc
  3: |
    test-daml-on-sawtooth
  4: |
    mynetwork-validator
  5: |
    mynetwork-rest-api
  6: |
    mynetwork-validator
