check for stable PVC names:
  1: |
    pgdata
check for stable entity names (services, statefulsets, serviceaccounts):
  1: |
    test-daml-on-sawtooth
  2: |
    test-daml-on-sawtooth-jsonapi
  3: |
    test-daml-on-sawtooth-triggers
  4: |
    test-daml-on-sawtooth-tp
  5: |
    test-daml-on-sawtooth
  6: |
    test-daml-on-sawtooth
  7: |
    test-daml-on-sawtooth-cert
