check for stable PVC names:
  1: |
    sawtooth-data
check for stable entity names (services, statefulsets, serviceaccounts):
  1: |
    test-sawtooth
  2: |
    test-sawtooth
  3: |
    test-sawtooth
check for stable hostPath names:
  1: |
    /var/lib/btp/testns/test/sawtooth-data
  2: |
    /var/lib/btp/testns/test/sawtooth-data
